warning: method `filter_lines` is never used
   --> crates/edgequake-pdf/src/backend/lattice.rs:331:8
    |
 33 | impl LatticeEngine {
    | ------------------ method in this implementation
...
331 |     fn filter_lines(&self, lines: &[PdfLine]) -> (Vec<PdfLine>, Vec<PdfLine>) {
    |        ^^^^^^^^^^^^
    |
    = note: `#[warn(dead_code)]` (part of `#[warn(unused)]`) on by default

warning: `edgequake-pdf` (lib) generated 1 warning
warning: variable `current_font_name` is assigned to, but never used
  --> crates/edgequake-pdf/src/bin/trace_content.rs:70:13
   |
70 |         let mut current_font_name = String::new();
   |             ^^^^^^^^^^^^^^^^^^^^^
   |
   = note: consider using `_current_font_name` instead
   = note: `#[warn(unused_variables)]` (part of `#[warn(unused)]`) on by default

warning: value assigned to `current_font_name` is never read
   --> crates/edgequake-pdf/src/bin/trace_content.rs:124:33
    |
124 | ...                   current_font_name = String::from_utf8_lossy(name).to_string();
    |                       ^^^^^^^^^^^^^^^^^
    |
    = help: maybe it is overwritten before being read?
    = note: `#[warn(unused_assignments)]` (part of `#[warn(unused)]`) on by default

warning: value assigned to `current_font_name` is never read
   --> crates/edgequake-pdf/src/bin/trace_content.rs:127:33
    |
127 | ...                   current_font_name = String::from_utf8_lossy(name).to_string();
    |                       ^^^^^^^^^^^^^^^^^
    |
    = help: maybe it is overwritten before being read?

warning: `edgequake-pdf` (bin "trace_content") generated 3 warnings
    Finished `test` profile [unoptimized + debuginfo] target(s) in 0.12s
     Running tests/comprehensive_quality.rs (target/debug/deps/comprehensive_quality-d159ce28d720e185)

running 2 tests
test comprehensive_test_summary ... ok
test comprehensive_real_dataset_quality has been running for over 60 seconds
test comprehensive_real_dataset_quality ... ok

test result: ok. 2 passed; 0 failed; 0 ignored; 0 measured; 0 filtered out; finished in 133.51s

